[26/10/2025 22:13:56] [INFO] [pid=5012] __main__: Starting Process
[26/10/2025 22:13:56] [INFO] [pid=5012] __main__: Ensured 'input' directory exists at: c:\Users\dev\GIT\Bruna\input
[26/10/2025 22:13:56] [INFO] [pid=5012] __main__: Ensured 'temp' directory exists at: c:\Users\dev\GIT\Bruna\temp
[26/10/2025 22:13:56] [INFO] [pid=5012] __main__: Root directory: c:\Users\dev\GIT\Bruna\src
[26/10/2025 22:13:56] [INFO] [pid=5012] __main__: Input directory: c:\Users\dev\GIT\Bruna\src\..\input
[26/10/2025 22:14:01] [INFO] [pid=5012] utils.utils: Successfully loaded data from c:\Users\dev\GIT\Bruna\src\..\input\data.json
[26/10/2025 22:14:01] [DEBUG] [pid=5012] __main__: Loaded URLs: ['https://tede.pucsp.br/bitstream/handle/42893/1/LILIAN%20BRESCHIGLIARO%20FRAN%C3%87A%20DE%20OLIVEIRA.pdf', 'https://unhabitat.org/sites/default/files/download-manager-files/Sao%20Paulo%20A%20tale%20of%20two%20cities.pdf', 'https://bibliotecavirtual.cebrap.org.br/arquivos/060_artigo.pdf', 'https://www.scielo.br/j/sant/a/8QdL5ggbh6vy3HSDswFXRkG/?format=pdf&lang=pt', 'https://scispace.com/pdf/sao-paulo-segregacao-urbana-e-desigualdade-1pbp6g0eq1.pdf', 'https://polis.org.br/wp-content/uploads/2025/04/SAMPA-EM-FOCO-ATUALIZADO-1.pdf', 'https://drive.prefeitura.sp.gov.br/cidade/secretarias/upload/chamadas/apresentacaocosan_junho2021reduzido_1624051380.pdf', 'https://revistapesquisa.fapesp.br/wp-content/uploads/2020/11/080-085_inseguranca-alimentar_297.pdf', 'https://drive.prefeitura.sp.gov.br/cidade/secretarias/upload/trabalho/PLAMSANVERSAOFINALcompleta.pdf', 'https://drive.prefeitura.sp.gov.br/cidade/secretarias/upload/trabalho/LIVRO%20Panorama%20Seguranca%20Alimentar%20Nutricional%20SP.pdf', 'https://geografiadafome.fsp.usp.br/wp-content/uploads/2022/07/DaFomeaFome.pdf', 'https://drive.prefeitura.sp.gov.br/cidade/secretarias/upload/habitacao/SEI%20098790237%20-%20Resolucao%20CMH%20N%C2%BA%20177%20-%20Acompanhamento%20Predios%20do%20Centro.pdf', 'https://www.citiesalliance.org/sites/default/files/Sao%20Paulo_Habitacao-de-Interesse-Social_P.pdf', 'https://www1.sp.senac.br/hotsites/blogs/revistainiciacao/wp-content/uploads/2016/12/9.165_IC_2.pdf', 'https://participemais.prefeitura.sp.gov.br/system/documents/attachments/000/003/852/original/edd6629a986e951fb4910d9ce0f00da286c73e62.pdf', 'https://gestaourbana.prefeitura.sp.gov.br/arquivos/sistematizacao_1a_etapa/HABITACAO.pdf', 'https://www.teses.usp.br/teses/disponiveis/16/16137/tde-23112010-110040/publico/Tsukumo.pdf']
[26/10/2025 22:14:01] [INFO] [pid=5012] __main__: Downloaded https://tede.pucsp.br/bitstream/handle/42893/1/LILIAN%20BRESCHIGLIARO%20FRAN%C3%87A%20DE%20OLIVEIRA.pdf -> c:\Users\dev\GIT\Bruna\temp\lilian_breschigliaro_franca_de_oliveira.pdf
[26/10/2025 22:14:02] [INFO] [pid=5012] __main__: Downloaded https://unhabitat.org/sites/default/files/download-manager-files/Sao%20Paulo%20A%20tale%20of%20two%20cities.pdf -> c:\Users\dev\GIT\Bruna\temp\sao_paulo_a_tale_of_two_cities.pdf
[26/10/2025 22:14:02] [INFO] [pid=5012] __main__: Downloaded https://bibliotecavirtual.cebrap.org.br/arquivos/060_artigo.pdf -> c:\Users\dev\GIT\Bruna\temp\060_artigo.pdf
[26/10/2025 22:14:03] [INFO] [pid=5012] __main__: Downloaded https://www.scielo.br/j/sant/a/8QdL5ggbh6vy3HSDswFXRkG/?format=pdf&lang=pt -> c:\Users\dev\GIT\Bruna\temp\f10e9585-26f8-4a7d-a0ed-d2f0d0f62415.pdf
[26/10/2025 22:14:04] [ERROR] [pid=5012] __main__: Error downloading URL https://scispace.com/pdf/sao-paulo-segregacao-urbana-e-desigualdade-1pbp6g0eq1.pdf: 403 Client Error: Forbidden for url: https://scispace.com/pdf/sao-paulo-segregacao-urbana-e-desigualdade-1pbp6g0eq1.pdf
[26/10/2025 22:14:04] [WARNING] [pid=5012] __main__: Failed to download: https://scispace.com/pdf/sao-paulo-segregacao-urbana-e-desigualdade-1pbp6g0eq1.pdf
[26/10/2025 22:14:04] [INFO] [pid=5012] __main__: Downloaded https://polis.org.br/wp-content/uploads/2025/04/SAMPA-EM-FOCO-ATUALIZADO-1.pdf -> c:\Users\dev\GIT\Bruna\temp\sampa-em-foco-atualizado-1.pdf
[26/10/2025 22:14:06] [INFO] [pid=5012] __main__: Downloaded https://drive.prefeitura.sp.gov.br/cidade/secretarias/upload/chamadas/apresentacaocosan_junho2021reduzido_1624051380.pdf -> c:\Users\dev\GIT\Bruna\temp\apresentacaocosan_junho2021reduzido_1624051380.pdf
[26/10/2025 22:14:06] [INFO] [pid=5012] __main__: Downloaded https://revistapesquisa.fapesp.br/wp-content/uploads/2020/11/080-085_inseguranca-alimentar_297.pdf -> c:\Users\dev\GIT\Bruna\temp\080-085_inseguranca-alimentar_297.pdf
[26/10/2025 22:14:07] [INFO] [pid=5012] __main__: Downloaded https://drive.prefeitura.sp.gov.br/cidade/secretarias/upload/trabalho/PLAMSANVERSAOFINALcompleta.pdf -> c:\Users\dev\GIT\Bruna\temp\plamsanversaofinalcompleta.pdf
[26/10/2025 22:14:08] [INFO] [pid=5012] __main__: Downloaded https://drive.prefeitura.sp.gov.br/cidade/secretarias/upload/trabalho/LIVRO%20Panorama%20Seguranca%20Alimentar%20Nutricional%20SP.pdf -> c:\Users\dev\GIT\Bruna\temp\livro_panorama_seguranca_alimentar_nutricional_sp.pdf
[26/10/2025 22:14:09] [INFO] [pid=5012] __main__: Downloaded https://geografiadafome.fsp.usp.br/wp-content/uploads/2022/07/DaFomeaFome.pdf -> c:\Users\dev\GIT\Bruna\temp\dafomeafome.pdf
[26/10/2025 22:14:09] [INFO] [pid=5012] __main__: Downloaded https://drive.prefeitura.sp.gov.br/cidade/secretarias/upload/habitacao/SEI%20098790237%20-%20Resolucao%20CMH%20N%C2%BA%20177%20-%20Acompanhamento%20Predios%20do%20Centro.pdf -> c:\Users\dev\GIT\Bruna\temp\sei_098790237_-_resolucao_cmh_no_177_-_acompanhamento_predios_do_centro.pdf
[26/10/2025 22:14:10] [INFO] [pid=5012] __main__: Downloaded https://www.citiesalliance.org/sites/default/files/Sao%20Paulo_Habitacao-de-Interesse-Social_P.pdf -> c:\Users\dev\GIT\Bruna\temp\sao_paulo_habitacao-de-interesse-social_p.pdf
[26/10/2025 22:14:10] [INFO] [pid=5012] __main__: Downloaded https://www1.sp.senac.br/hotsites/blogs/revistainiciacao/wp-content/uploads/2016/12/9.165_IC_2.pdf -> c:\Users\dev\GIT\Bruna\temp\9.165_ic_2.pdf
[26/10/2025 22:14:12] [INFO] [pid=5012] __main__: Downloaded https://participemais.prefeitura.sp.gov.br/system/documents/attachments/000/003/852/original/edd6629a986e951fb4910d9ce0f00da286c73e62.pdf -> c:\Users\dev\GIT\Bruna\temp\edd6629a986e951fb4910d9ce0f00da286c73e62.pdf
[26/10/2025 22:14:14] [INFO] [pid=5012] __main__: Downloaded https://gestaourbana.prefeitura.sp.gov.br/arquivos/sistematizacao_1a_etapa/HABITACAO.pdf -> c:\Users\dev\GIT\Bruna\temp\habitacao.pdf
[26/10/2025 22:14:14] [INFO] [pid=5012] __main__: Downloaded https://www.teses.usp.br/teses/disponiveis/16/16137/tde-23112010-110040/publico/Tsukumo.pdf -> c:\Users\dev\GIT\Bruna\temp\tsukumo.pdf
[26/10/2025 22:14:14] [INFO] [pid=5012] __main__: Downloaded files: ['c:\\Users\\dev\\GIT\\Bruna\\temp\\lilian_breschigliaro_franca_de_oliveira.pdf', 'c:\\Users\\dev\\GIT\\Bruna\\temp\\sao_paulo_a_tale_of_two_cities.pdf', 'c:\\Users\\dev\\GIT\\Bruna\\temp\\060_artigo.pdf', 'c:\\Users\\dev\\GIT\\Bruna\\temp\\f10e9585-26f8-4a7d-a0ed-d2f0d0f62415.pdf', 'c:\\Users\\dev\\GIT\\Bruna\\temp\\sampa-em-foco-atualizado-1.pdf', 'c:\\Users\\dev\\GIT\\Bruna\\temp\\apresentacaocosan_junho2021reduzido_1624051380.pdf', 'c:\\Users\\dev\\GIT\\Bruna\\temp\\080-085_inseguranca-alimentar_297.pdf', 'c:\\Users\\dev\\GIT\\Bruna\\temp\\plamsanversaofinalcompleta.pdf', 'c:\\Users\\dev\\GIT\\Bruna\\temp\\livro_panorama_seguranca_alimentar_nutricional_sp.pdf', 'c:\\Users\\dev\\GIT\\Bruna\\temp\\dafomeafome.pdf', 'c:\\Users\\dev\\GIT\\Bruna\\temp\\sei_098790237_-_resolucao_cmh_no_177_-_acompanhamento_predios_do_centro.pdf', 'c:\\Users\\dev\\GIT\\Bruna\\temp\\sao_paulo_habitacao-de-interesse-social_p.pdf', 'c:\\Users\\dev\\GIT\\Bruna\\temp\\9.165_ic_2.pdf', 'c:\\Users\\dev\\GIT\\Bruna\\temp\\edd6629a986e951fb4910d9ce0f00da286c73e62.pdf', 'c:\\Users\\dev\\GIT\\Bruna\\temp\\habitacao.pdf', 'c:\\Users\\dev\\GIT\\Bruna\\temp\\tsukumo.pdf']
[26/10/2025 22:14:14] [INFO] [pid=5012] __main__: Processing file: c:\Users\dev\GIT\Bruna\temp\lilian_breschigliaro_franca_de_oliveira.pdf
[26/10/2025 22:14:17] [INFO] [pid=5012] __main__: Uploaded c:\Users\dev\GIT\Bruna\temp\lilian_breschigliaro_franca_de_oliveira.pdf to S3: https://teste-crawler-bruna.s3.amazonaws.com/lilian_breschigliaro_franca_de_oliveira.pdf
[26/10/2025 22:14:17] [INFO] [pid=5012] __main__: Deleted local file: c:\Users\dev\GIT\Bruna\temp\lilian_breschigliaro_franca_de_oliveira.pdf
[26/10/2025 22:14:17] [INFO] [pid=5012] __main__: Processing file: c:\Users\dev\GIT\Bruna\temp\sao_paulo_a_tale_of_two_cities.pdf
[26/10/2025 22:14:20] [INFO] [pid=5012] __main__: Uploaded c:\Users\dev\GIT\Bruna\temp\sao_paulo_a_tale_of_two_cities.pdf to S3: https://teste-crawler-bruna.s3.amazonaws.com/sao_paulo_a_tale_of_two_cities.pdf
[26/10/2025 22:14:20] [INFO] [pid=5012] __main__: Deleted local file: c:\Users\dev\GIT\Bruna\temp\sao_paulo_a_tale_of_two_cities.pdf
[26/10/2025 22:14:20] [INFO] [pid=5012] __main__: Processing file: c:\Users\dev\GIT\Bruna\temp\060_artigo.pdf
[26/10/2025 22:14:20] [INFO] [pid=5012] __main__: Uploaded c:\Users\dev\GIT\Bruna\temp\060_artigo.pdf to S3: https://teste-crawler-bruna.s3.amazonaws.com/060_artigo.pdf
[26/10/2025 22:14:20] [INFO] [pid=5012] __main__: Deleted local file: c:\Users\dev\GIT\Bruna\temp\060_artigo.pdf
[26/10/2025 22:14:20] [INFO] [pid=5012] __main__: Processing file: c:\Users\dev\GIT\Bruna\temp\f10e9585-26f8-4a7d-a0ed-d2f0d0f62415.pdf
[26/10/2025 22:14:21] [INFO] [pid=5012] __main__: Uploaded c:\Users\dev\GIT\Bruna\temp\f10e9585-26f8-4a7d-a0ed-d2f0d0f62415.pdf to S3: https://teste-crawler-bruna.s3.amazonaws.com/f10e9585-26f8-4a7d-a0ed-d2f0d0f62415.pdf
[26/10/2025 22:14:21] [INFO] [pid=5012] __main__: Deleted local file: c:\Users\dev\GIT\Bruna\temp\f10e9585-26f8-4a7d-a0ed-d2f0d0f62415.pdf
[26/10/2025 22:14:21] [INFO] [pid=5012] __main__: Processing file: c:\Users\dev\GIT\Bruna\temp\sampa-em-foco-atualizado-1.pdf
[26/10/2025 22:14:21] [INFO] [pid=5012] __main__: Uploaded c:\Users\dev\GIT\Bruna\temp\sampa-em-foco-atualizado-1.pdf to S3: https://teste-crawler-bruna.s3.amazonaws.com/sampa-em-foco-atualizado-1.pdf
[26/10/2025 22:14:21] [INFO] [pid=5012] __main__: Deleted local file: c:\Users\dev\GIT\Bruna\temp\sampa-em-foco-atualizado-1.pdf
[26/10/2025 22:14:21] [INFO] [pid=5012] __main__: Processing file: c:\Users\dev\GIT\Bruna\temp\apresentacaocosan_junho2021reduzido_1624051380.pdf
[26/10/2025 22:14:22] [INFO] [pid=5012] __main__: Uploaded c:\Users\dev\GIT\Bruna\temp\apresentacaocosan_junho2021reduzido_1624051380.pdf to S3: https://teste-crawler-bruna.s3.amazonaws.com/apresentacaocosan_junho2021reduzido_1624051380.pdf
[26/10/2025 22:14:22] [INFO] [pid=5012] __main__: Deleted local file: c:\Users\dev\GIT\Bruna\temp\apresentacaocosan_junho2021reduzido_1624051380.pdf
[26/10/2025 22:14:22] [INFO] [pid=5012] __main__: Processing file: c:\Users\dev\GIT\Bruna\temp\080-085_inseguranca-alimentar_297.pdf
[26/10/2025 22:14:22] [INFO] [pid=5012] __main__: Uploaded c:\Users\dev\GIT\Bruna\temp\080-085_inseguranca-alimentar_297.pdf to S3: https://teste-crawler-bruna.s3.amazonaws.com/080-085_inseguranca-alimentar_297.pdf
[26/10/2025 22:14:22] [INFO] [pid=5012] __main__: Deleted local file: c:\Users\dev\GIT\Bruna\temp\080-085_inseguranca-alimentar_297.pdf
[26/10/2025 22:14:22] [INFO] [pid=5012] __main__: Processing file: c:\Users\dev\GIT\Bruna\temp\plamsanversaofinalcompleta.pdf
[26/10/2025 22:14:23] [INFO] [pid=5012] __main__: Uploaded c:\Users\dev\GIT\Bruna\temp\plamsanversaofinalcompleta.pdf to S3: https://teste-crawler-bruna.s3.amazonaws.com/plamsanversaofinalcompleta.pdf
[26/10/2025 22:14:23] [INFO] [pid=5012] __main__: Deleted local file: c:\Users\dev\GIT\Bruna\temp\plamsanversaofinalcompleta.pdf
[26/10/2025 22:14:23] [INFO] [pid=5012] __main__: Processing file: c:\Users\dev\GIT\Bruna\temp\livro_panorama_seguranca_alimentar_nutricional_sp.pdf
[26/10/2025 22:14:23] [INFO] [pid=5012] __main__: Uploaded c:\Users\dev\GIT\Bruna\temp\livro_panorama_seguranca_alimentar_nutricional_sp.pdf to S3: https://teste-crawler-bruna.s3.amazonaws.com/livro_panorama_seguranca_alimentar_nutricional_sp.pdf
[26/10/2025 22:14:23] [INFO] [pid=5012] __main__: Deleted local file: c:\Users\dev\GIT\Bruna\temp\livro_panorama_seguranca_alimentar_nutricional_sp.pdf
[26/10/2025 22:14:23] [INFO] [pid=5012] __main__: Processing file: c:\Users\dev\GIT\Bruna\temp\dafomeafome.pdf
[26/10/2025 22:14:25] [INFO] [pid=5012] __main__: Uploaded c:\Users\dev\GIT\Bruna\temp\dafomeafome.pdf to S3: https://teste-crawler-bruna.s3.amazonaws.com/dafomeafome.pdf
[26/10/2025 22:14:25] [INFO] [pid=5012] __main__: Deleted local file: c:\Users\dev\GIT\Bruna\temp\dafomeafome.pdf
[26/10/2025 22:14:25] [INFO] [pid=5012] __main__: Processing file: c:\Users\dev\GIT\Bruna\temp\sei_098790237_-_resolucao_cmh_no_177_-_acompanhamento_predios_do_centro.pdf
[26/10/2025 22:14:25] [INFO] [pid=5012] __main__: Uploaded c:\Users\dev\GIT\Bruna\temp\sei_098790237_-_resolucao_cmh_no_177_-_acompanhamento_predios_do_centro.pdf to S3: https://teste-crawler-bruna.s3.amazonaws.com/sei_098790237_-_resolucao_cmh_no_177_-_acompanhamento_predios_do_centro.pdf
[26/10/2025 22:14:25] [INFO] [pid=5012] __main__: Deleted local file: c:\Users\dev\GIT\Bruna\temp\sei_098790237_-_resolucao_cmh_no_177_-_acompanhamento_predios_do_centro.pdf
[26/10/2025 22:14:25] [INFO] [pid=5012] __main__: Processing file: c:\Users\dev\GIT\Bruna\temp\sao_paulo_habitacao-de-interesse-social_p.pdf
[26/10/2025 22:14:26] [INFO] [pid=5012] __main__: Uploaded c:\Users\dev\GIT\Bruna\temp\sao_paulo_habitacao-de-interesse-social_p.pdf to S3: https://teste-crawler-bruna.s3.amazonaws.com/sao_paulo_habitacao-de-interesse-social_p.pdf
[26/10/2025 22:14:26] [INFO] [pid=5012] __main__: Deleted local file: c:\Users\dev\GIT\Bruna\temp\sao_paulo_habitacao-de-interesse-social_p.pdf
[26/10/2025 22:14:26] [INFO] [pid=5012] __main__: Processing file: c:\Users\dev\GIT\Bruna\temp\9.165_ic_2.pdf
[26/10/2025 22:14:27] [INFO] [pid=5012] __main__: Uploaded c:\Users\dev\GIT\Bruna\temp\9.165_ic_2.pdf to S3: https://teste-crawler-bruna.s3.amazonaws.com/9.165_ic_2.pdf
[26/10/2025 22:14:27] [INFO] [pid=5012] __main__: Deleted local file: c:\Users\dev\GIT\Bruna\temp\9.165_ic_2.pdf
[26/10/2025 22:14:27] [INFO] [pid=5012] __main__: Processing file: c:\Users\dev\GIT\Bruna\temp\edd6629a986e951fb4910d9ce0f00da286c73e62.pdf
[26/10/2025 22:14:27] [INFO] [pid=5012] __main__: Uploaded c:\Users\dev\GIT\Bruna\temp\edd6629a986e951fb4910d9ce0f00da286c73e62.pdf to S3: https://teste-crawler-bruna.s3.amazonaws.com/edd6629a986e951fb4910d9ce0f00da286c73e62.pdf
[26/10/2025 22:14:27] [INFO] [pid=5012] __main__: Deleted local file: c:\Users\dev\GIT\Bruna\temp\edd6629a986e951fb4910d9ce0f00da286c73e62.pdf
[26/10/2025 22:14:27] [INFO] [pid=5012] __main__: Processing file: c:\Users\dev\GIT\Bruna\temp\habitacao.pdf
[26/10/2025 22:14:28] [INFO] [pid=5012] __main__: Uploaded c:\Users\dev\GIT\Bruna\temp\habitacao.pdf to S3: https://teste-crawler-bruna.s3.amazonaws.com/habitacao.pdf
[26/10/2025 22:14:28] [INFO] [pid=5012] __main__: Deleted local file: c:\Users\dev\GIT\Bruna\temp\habitacao.pdf
[26/10/2025 22:14:28] [INFO] [pid=5012] __main__: Processing file: c:\Users\dev\GIT\Bruna\temp\tsukumo.pdf
[26/10/2025 22:14:28] [INFO] [pid=5012] __main__: Uploaded c:\Users\dev\GIT\Bruna\temp\tsukumo.pdf to S3: https://teste-crawler-bruna.s3.amazonaws.com/tsukumo.pdf
[26/10/2025 22:14:28] [INFO] [pid=5012] __main__: Deleted local file: c:\Users\dev\GIT\Bruna\temp\tsukumo.pdf
[26/10/2025 22:14:28] [INFO] [pid=5012] __main__: Process Finished
